warning: the local font is embedded in the .tsrct file; only share or upload it when its license permits redistribution
warning: the local font is embedded in the .tsrct file; only share or upload it when its license permits redistribution
warning: the local font is embedded in the .tsrct file; only share or upload it when its license permits redistribution
warning: the local font is embedded in the .tsrct file; only share or upload it when its license permits redistribution
warning: the local font is embedded in the .tsrct file; only share or upload it when its license permits redistribution
warning: the local font is embedded in the .tsrct file; only share or upload it when its license permits redistribution
{"project":"/workspace/tesseract-projects/nexus-trailer/NexusTrailer.tsrct"}
{"assetId":"font-288316099b1e0a47a4716d159098005eef7c0066921f34e3200393dbdb01947f","faces":[{"coveredScripts":["cyrillic","greek"],"faceIndex":0,"familyName":"Inter","fullName":"Inter Bold","isSerif":false,"italic":false,"postscriptName":"Inter-Bold","selectionNames":["Inter/Bold"],"styleName":"Bold","variationInstances":[],"weight":700,"width":5}],"font":"Inter-Bold","fontFamily":"Inter","fontStyle":"Bold","project":"/workspace/tesseract-projects/nexus-trailer/NexusTrailer.tsrct","properties":{"faces":[{"coveredScripts":["cyrillic","greek"],"faceIndex":0,"familyName":"Inter","fullName":"Inter Bold","isSerif":false,"italic":false,"postscriptName":"Inter-Bold","selectionNames":["Inter/Bold"],"styleName":"Bold","variationInstances":[],"weight":700,"width":5}],"fileName":"Inter-Bold.ttf","mimeType":"font/ttf"}}
{"assetId":"font-40d692fce188e4471e2b3cba937be967878f631ad3ebbbdcd587687c7ebe0c82","faces":[{"coveredScripts":["cyrillic","greek"],"faceIndex":0,"familyName":"Inter","fullName":"Inter Regular","isSerif":false,"italic":false,"postscriptName":"Inter-Regular","selectionNames":["Inter/Regular"],"styleName":"Regular","variationInstances":[],"weight":400,"width":5}],"font":"Inter-Regular","fontFamily":"Inter","fontStyle":"Regular","project":"/workspace/tesseract-projects/nexus-trailer/NexusTrailer.tsrct","properties":{"faces":[{"coveredScripts":["cyrillic","greek"],"faceIndex":0,"familyName":"Inter","fullName":"Inter Regular","isSerif":false,"italic":false,"postscriptName":"Inter-Regular","selectionNames":["Inter/Regular"],"styleName":"Regular","variationInstances":[],"weight":400,"width":5}],"fileName":"Inter-Regular.ttf","mimeType":"font/ttf"}}
{"assetId":"font-78a843fade9d4612a5567302fb595b56976eb5fcebf4fea5a5912d638bafcde3","faces":[{"coveredScripts":["cyrillic","greek"],"faceIndex":0,"familyName":"Inter SemiBold","fullName":"Inter SemiBold","isSerif":false,"italic":false,"postscriptName":"Inter-SemiBold","selectionNames":["Inter SemiBold/Regular"],"styleName":"Regular","typographicFamilyName":"Inter","typographicStyleName":"SemiBold","variationInstances":[],"weight":600,"width":5}],"font":"Inter-SemiBold","fontFamily":"Inter SemiBold","fontStyle":"Regular","project":"/workspace/tesseract-projects/nexus-trailer/NexusTrailer.tsrct","properties":{"faces":[{"coveredScripts":["cyrillic","greek"],"faceIndex":0,"familyName":"Inter SemiBold","fullName":"Inter SemiBold","isSerif":false,"italic":false,"postscriptName":"Inter-SemiBold","selectionNames":["Inter SemiBold/Regular"],"styleName":"Regular","typographicFamilyName":"Inter","typographicStyleName":"SemiBold","variationInstances":[],"weight":600,"width":5}],"fileName":"Inter-SemiBold.ttf","mimeType":"font/ttf"}}
{"assetId":"font-5590990c82e097397517f275f430af4546e1c45cff408bde4255dad142479dcb","faces":[{"coveredScripts":["cyrillic","greek"],"faceIndex":0,"familyName":"JetBrains Mono","fullName":"JetBrains Mono Bold","isSerif":false,"italic":false,"postscriptName":"JetBrainsMono-Bold","selectionNames":["JetBrains Mono/Bold"],"styleName":"Bold","variationInstances":[],"weight":700,"width":5}],"font":"JetBrainsMono-Bold","fontFamily":"JetBrains Mono","fontStyle":"Bold","project":"/workspace/tesseract-projects/nexus-trailer/NexusTrailer.tsrct","properties":{"faces":[{"coveredScripts":["cyrillic","greek"],"faceIndex":0,"familyName":"JetBrains Mono","fullName":"JetBrains Mono Bold","isSerif":false,"italic":false,"postscriptName":"JetBrainsMono-Bold","selectionNames":["JetBrains Mono/Bold"],"styleName":"Bold","variationInstances":[],"weight":700,"width":5}],"fileName":"JetBrainsMono-Bold.ttf","mimeType":"font/ttf"}}
{"assetId":"font-a0bf60ef0f83c5ed4d7a75d45838548b1f6873372dfac88f71804491898d138f","faces":[{"coveredScripts":["cyrillic","greek"],"faceIndex":0,"familyName":"JetBrains Mono","fullName":"JetBrains Mono Regular","isSerif":false,"italic":false,"postscriptName":"JetBrainsMono-Regular","selectionNames":["JetBrains Mono/Regular"],"styleName":"Regular","variationInstances":[],"weight":400,"width":5}],"font":"JetBrainsMono-Regular","fontFamily":"JetBrains Mono","fontStyle":"Regular","project":"/workspace/tesseract-projects/nexus-trailer/NexusTrailer.tsrct","properties":{"faces":[{"coveredScripts":["cyrillic","greek"],"faceIndex":0,"familyName":"JetBrains Mono","fullName":"JetBrains Mono Regular","isSerif":false,"italic":false,"postscriptName":"JetBrainsMono-Regular","selectionNames":["JetBrains Mono/Regular"],"styleName":"Regular","variationInstances":[],"weight":400,"width":5}],"fileName":"JetBrainsMono-Regular.ttf","mimeType":"font/ttf"}}
{"assetId":"font-847b33e13925f19ff87e4d934d6b3cf7cac35ce16424f6f670e40c2f377cf2df","faces":[{"coveredScripts":["cyrillic","greek"],"faceIndex":0,"familyName":"DejaVu Serif","fullName":"DejaVu Serif Bold","isSerif":true,"italic":false,"postscriptName":"DejaVuSerif-Bold","selectionNames":["DejaVu Serif/Bold"],"styleName":"Bold","typographicFamilyName":"DejaVu Serif","typographicStyleName":"Bold","variationInstances":[],"weight":700,"width":5}],"font":"DejaVuSerif-Bold","fontFamily":"DejaVu Serif","fontStyle":"Bold","project":"/workspace/tesseract-projects/nexus-trailer/NexusTrailer.tsrct","properties":{"faces":[{"coveredScripts":["cyrillic","greek"],"faceIndex":0,"familyName":"DejaVu Serif","fullName":"DejaVu Serif Bold","isSerif":true,"italic":false,"postscriptName":"DejaVuSerif-Bold","selectionNames":["DejaVu Serif/Bold"],"styleName":"Bold","typographicFamilyName":"DejaVu Serif","typographicStyleName":"Bold","variationInstances":[],"weight":700,"width":5}],"fileName":"DejaVuSerif-Bold.ttf","mimeType":"font/ttf"}}
{"assetId":"world-matrix","kind":"image","project":"/workspace/tesseract-projects/nexus-trailer/NexusTrailer.tsrct"}
{"assetId":"world-ascii","kind":"image","project":"/workspace/tesseract-projects/nexus-trailer/NexusTrailer.tsrct"}
{"assetId":"world-glass","kind":"image","project":"/workspace/tesseract-projects/nexus-trailer/NexusTrailer.tsrct"}
{"assetId":"world-neon","kind":"image","project":"/workspace/tesseract-projects/nexus-trailer/NexusTrailer.tsrct"}
{"assetId":"world-brutal","kind":"image","project":"/workspace/tesseract-projects/nexus-trailer/NexusTrailer.tsrct"}
{"assetId":"world-chrome","kind":"image","project":"/workspace/tesseract-projects/nexus-trailer/NexusTrailer.tsrct"}
{"assetId":"world-blue","kind":"image","project":"/workspace/tesseract-projects/nexus-trailer/NexusTrailer.tsrct"}
{"assetId":"world-hud","kind":"image","project":"/workspace/tesseract-projects/nexus-trailer/NexusTrailer.tsrct"}
{"assetId":"world-crt","kind":"image","project":"/workspace/tesseract-projects/nexus-trailer/NexusTrailer.tsrct"}
{"assetId":"world-poly","kind":"image","project":"/workspace/tesseract-projects/nexus-trailer/NexusTrailer.tsrct"}
{"assetId":"world-west","kind":"image","project":"/workspace/tesseract-projects/nexus-trailer/NexusTrailer.tsrct"}
{"assetId":"world-chaos","kind":"image","project":"/workspace/tesseract-projects/nexus-trailer/NexusTrailer.tsrct"}
{"assetId":"char-matrix","kind":"image","project":"/workspace/tesseract-projects/nexus-trailer/NexusTrailer.tsrct"}
{"assetId":"char-ascii","kind":"image","project":"/workspace/tesseract-projects/nexus-trailer/NexusTrailer.tsrct"}
{"assetId":"char-glass","kind":"image","project":"/workspace/tesseract-projects/nexus-trailer/NexusTrailer.tsrct"}
{"assetId":"char-neon","kind":"image","project":"/workspace/tesseract-projects/nexus-trailer/NexusTrailer.tsrct"}
{"assetId":"char-brutal","kind":"image","project":"/workspace/tesseract-projects/nexus-trailer/NexusTrailer.tsrct"}
{"assetId":"char-chrome","kind":"image","project":"/workspace/tesseract-projects/nexus-trailer/NexusTrailer.tsrct"}
{"assetId":"char-wire","kind":"image","project":"/workspace/tesseract-projects/nexus-trailer/NexusTrailer.tsrct"}
{"assetId":"char-hud","kind":"image","project":"/workspace/tesseract-projects/nexus-trailer/NexusTrailer.tsrct"}
{"assetId":"char-crt","kind":"image","project":"/workspace/tesseract-projects/nexus-trailer/NexusTrailer.tsrct"}
{"assetId":"char-poly","kind":"image","project":"/workspace/tesseract-projects/nexus-trailer/NexusTrailer.tsrct"}
{"assetId":"char-west","kind":"image","project":"/workspace/tesseract-projects/nexus-trailer/NexusTrailer.tsrct"}
{"assetId":"char-chaos","kind":"image","project":"/workspace/tesseract-projects/nexus-trailer/NexusTrailer.tsrct"}
{"assetId":"music","kind":"audio","project":"/workspace/tesseract-projects/nexus-trailer/NexusTrailer.tsrct"}
{"assetId":"whoosh","kind":"audio","project":"/workspace/tesseract-projects/nexus-trailer/NexusTrailer.tsrct"}
{"assetId":"impact","kind":"audio","project":"/workspace/tesseract-projects/nexus-trailer/NexusTrailer.tsrct"}
{"assetId":"click","kind":"audio","project":"/workspace/tesseract-projects/nexus-trailer/NexusTrailer.tsrct"}
{"assetId":"ping","kind":"audio","project":"/workspace/tesseract-projects/nexus-trailer/NexusTrailer.tsrct"}
{"assetId":"riser","kind":"audio","project":"/workspace/tesseract-projects/nexus-trailer/NexusTrailer.tsrct"}
{"output":"/workspace/tesseract-projects/nexus-trailer/.tesseract-work/editable.json"}
{"project":"/workspace/tesseract-projects/nexus-trailer/NexusTrailer.tsrct"}
{"appliedActions":74,"project":"/workspace/tesseract-projects/nexus-trailer/NexusTrailer.tsrct"}
PROJECT_READY /workspace/tesseract-projects/nexus-trailer/NexusTrailer.tsrct
